// Jest Snapshot v1, https://goo.gl/fbAQLP

exports[`OperatorItem success operator 1`] = `"<div class=\\"media text-muted pt-3\\"><div class=\\"media-body pb-3 mb-0 small lh-125 border-bottom border-gray\\"><div class=\\"d-flex justify-content-between align-items-center w-100\\"><strong class=\\"text-gray-dark\\">Test name</strong><a href=\\"#\\">Пополнить</a></div></div></div>"`;
